[1m[31m[31mX [41;31m[[41;97mERROR[41;31m][0m [1mTS2591: Cannot find name 'process'. Do you need to install type definitions for node? Try `npm i --save-dev @types/node` and then add 'node' to the types field in your tsconfig.[0m [1m[35m[plugin angular-compiler][0m

    src/environments/environment.ts:2:15:
[37m      2 │   supabaseUrl: [32mprocess[37m.env.SUPABASE_URL,
        ╵                [32m~~~~~~~[0m

[39m[22m
[1m[31m[31mX [41;31m[[41;97mERROR[41;31m][0m [1mTS2591: Cannot find name 'process'. Do you need to install type definitions for node? Try `npm i --save-dev @types/node` and then add 'node' to the types field in your tsconfig.[0m [1m[35m[plugin angular-compiler][0m

    src/environments/environment.ts:2:15:
[37m      2 │   supabaseUrl: [32mprocess[37m.env.SUPABASE_URL,
        ╵                [32m~~~~~~~[0m

[39m[22m
[1m[31m[31mX [41;31m[[41;97mERROR[41;31m][0m [1mTS2307: Cannot find module 'dotenv' or its corresponding type declarations.[0m [1m[35m[plugin angular-compiler][0m

    src/environments/environment.ts:2:23:
[37m      2 │ import { config } from [32m'dotenv'[37m;
        ╵                        [32m~~~~~~~~[0m


[31mX [41;31m[[41;97mERROR[41;31m][0m [1mTS2591: Cannot find name 'process'. Do you need to install type definitions for node? Try `npm i --save-dev @types/node` and then add 'node' to the types field in your tsconfig.[0m [1m[35m[plugin angular-compiler][0m

    src/environments/environment.ts:5:16:
[37m      5 │   supabaseUrl:  [32mprocess[37m.env.SUPABASE_URL,
        ╵                 [32m~~~~~~~[0m

[39m[22m
[1m[31m[31mX [41;31m[[41;97mERROR[41;31m][0m [1mTS2307: Cannot find module 'dotenv' or its corresponding type declarations.[0m [1m[35m[plugin angular-compiler][0m

    src/environments/environment.ts:2:23:
[37m      2 │ import { config } from [32m'dotenv'[37m;
        ╵                        [32m~~~~~~~~[0m


[31mX [41;31m[[41;97mERROR[41;31m][0m [1mTS2591: Cannot find name 'process'. Do you need to install type definitions for node? Try `npm i --save-dev @types/node` and then add 'node' to the types field in your tsconfig.[0m [1m[35m[plugin angular-compiler][0m

    src/environments/environment.ts:5:16:
[37m      5 │   supabaseUrl:  [32mprocess[37m.env['SUPABASE_URL'],
        ╵                 [32m~~~~~~~[0m

[39m[22m
[1m[31m[31mX [41;31m[[41;97mERROR[41;31m][0m [1mTS2307: Cannot find module 'dotenv' or its corresponding type declarations.[0m [1m[35m[plugin angular-compiler][0m

    src/environments/environment.ts:2:23:
[37m      2 │ import { config } from [32m'dotenv'[37m;
        ╵                        [32m~~~~~~~~[0m


[31mX [41;31m[[41;97mERROR[41;31m][0m [1mTS2591: Cannot find name 'process'. Do you need to install type definitions for node? Try `npm i --save-dev @types/node` and then add 'node' to the types field in your tsconfig.[0m [1m[35m[plugin angular-compiler][0m

    src/environments/environment.ts:5:16:
[37m      5 │   supabaseUrl:  [32mprocess[37m.env['SUPABASE_URL'],
        ╵                 [32m~~~~~~~[0m

[39m[22m
[1m[31m[31mX [41;31m[[41;97mERROR[41;31m][0m [1mTS2591: Cannot find name 'process'. Do you need to install type definitions for node? Try `npm i --save-dev @types/node` and then add 'node' to the types field in your tsconfig.[0m [1m[35m[plugin angular-compiler][0m

    src/environments/environment.ts:3:16:
[37m      3 │   supabaseUrl:  [32mprocess[37m.env['SUPABASE_URL'],
        ╵                 [32m~~~~~~~[0m

[39m[22m
[1m[31m[31mX [41;31m[[41;97mERROR[41;31m][0m [1mTS2591: Cannot find name 'process'. Do you need to install type definitions for node? Try `npm i --save-dev @types/node` and then add 'node' to the types field in your tsconfig.[0m [1m[35m[plugin angular-compiler][0m

    src/environments/environment.ts:4:16:
[37m      4 │   supabaseUrl:  [32mprocess[37m.env['SUPABASE_URL'],
        ╵                 [32m~~~~~~~[0m

[39m[22m
[1m[31m[31mX [41;31m[[41;97mERROR[41;31m][0m [1mTS2591: Cannot find name 'process'. Do you need to install type definitions for node? Try `npm i --save-dev @types/node` and then add 'node' to the types field in your tsconfig.[0m [1m[35m[plugin angular-compiler][0m

    src/environments/environment.ts:4:15:
[37m      4 │   supabaseUrl: [32mprocess[37m.env['SUPABASE_URL'],
        ╵                [32m~~~~~~~[0m

[39m[22m
[1m[31m[31mX [41;31m[[41;97mERROR[41;31m][0m [1mTS2307: Cannot find module '@supabase/supabase-js' or its corresponding type declarations.[0m [1m[35m[plugin angular-compiler][0m

    src/app/auth/auth.service.ts:2:60:
[37m      2 │ ...ient, Session, SupabaseClient, User } from [32m'@supabase/supabase-js'[37m;
        ╵                                               [32m~~~~~~~~~~~~~~~~~~~~~~~[0m


[31mX [41;31m[[41;97mERROR[41;31m][0m [1mTS7006: Parameter '_event' implicitly has an 'any' type.[0m [1m[35m[plugin angular-compiler][0m

    src/app/auth/auth.service.ts:17:42:
[37m      17 │     this.supabase.auth.onAuthStateChange(([32m_event[37m, session) => {
         ╵                                           [32m~~~~~~[0m


[31mX [41;31m[[41;97mERROR[41;31m][0m [1mTS7006: Parameter 'session' implicitly has an 'any' type.[0m [1m[35m[plugin angular-compiler][0m

    src/app/auth/auth.service.ts:17:50:
[37m      17 │     this.supabase.auth.onAuthStateChange((_event, [32msession[37m) => {
         ╵                                                   [32m~~~~~~~[0m

[39m[22m
[1m[31m[31mX [41;31m[[41;97mERROR[41;31m][0m [1mTS2307: Cannot find module './auth.service' or its corresponding type declarations.[0m [1m[35m[plugin angular-compiler][0m

    src/app/auth/auth.guard.ts:3:28:
[37m      3 │ import { AuthService } from [32m'./auth.service'[37m;
        ╵                             [32m~~~~~~~~~~~~~~~~[0m


[31mX [41;31m[[41;97mERROR[41;31m][0m [1mTS18046: 'authService' is of type 'unknown'.[0m [1m[35m[plugin angular-compiler][0m

    src/app/auth/auth.guard.ts:9:16:
[37m      9 │   return (await [32mauthService[37m.isAuthenticated()) || router.createUrlT...
        ╵                 [32m~~~~~~~~~~~[0m


[31mX [41;31m[[41;97mERROR[41;31m][0m [1mTS18046: 'authService' is of type 'unknown'.[0m [1m[35m[plugin angular-compiler][0m

    src/app/auth/auth.guard.ts:16:16:
[37m      16 │   return (await [32mauthService[37m.isAuthenticated()) ? router.createUrlT...
         ╵                 [32m~~~~~~~~~~~[0m


[31mX [41;31m[[41;97mERROR[41;31m][0m [1mTS2307: Cannot find module '../auth/auth.service' or its corresponding type declarations.[0m [1m[35m[plugin angular-compiler][0m

    src/app/home/home.page.ts:5:28:
[37m      5 │ import { AuthService } from [32m'../auth/auth.service'[37m;
        ╵                             [32m~~~~~~~~~~~~~~~~~~~~~~[0m


[31mX [41;31m[[41;97mERROR[41;31m][0m [1mTS2571: Object is of type 'unknown'.[0m [1m[35m[plugin angular-compiler][0m

    src/app/home/home.page.ts:18:17:
[37m      18 │     const user = [32mthis.authService[37m.session()?.user;
         ╵                  [32m~~~~~~~~~~~~~~~~[0m


[31mX [41;31m[[41;97mERROR[41;31m][0m [1mTS2571: Object is of type 'unknown'.[0m [1m[35m[plugin angular-compiler][0m

    src/app/home/home.page.ts:25:10:
[37m      25 │     await [32mthis.authService[37m.signOut();
         ╵           [32m~~~~~~~~~~~~~~~~[0m


[31mX [41;31m[[41;97mERROR[41;31m][0m [1mTS2307: Cannot find module '../auth/auth.service' or its corresponding type declarations.[0m [1m[35m[plugin angular-compiler][0m

    src/app/login/login.page.ts:4:28:
[37m      4 │ import { AuthService } from [32m'../auth/auth.service'[37m;
        ╵                             [32m~~~~~~~~~~~~~~~~~~~~~~[0m


[31mX [41;31m[[41;97mERROR[41;31m][0m [1mTS2571: Object is of type 'unknown'.[0m [1m[35m[plugin angular-compiler][0m

    src/app/login/login.page.ts:23:12:
[37m      23 │       await [32mthis.authService[37m.signInWithGoogle();
         ╵             [32m~~~~~~~~~~~~~~~~[0m


[31mX [41;31m[[41;97mERROR[41;31m][0m [1mCould not resolve "./auth.service"[0m

    src/app/auth/auth.guard.ts:3:28:
[37m      3 │ import { AuthService } from [32m'./auth.service'[37m;
        ╵                             [32m~~~~~~~~~~~~~~~~[0m


[31mX [41;31m[[41;97mERROR[41;31m][0m [1mCould not resolve "../auth/auth.service"[0m

    src/app/home/home.page.ts:5:28:
[37m      5 │ import { AuthService } from [32m'../auth/auth.service'[37m;
        ╵                             [32m~~~~~~~~~~~~~~~~~~~~~~[0m


[31mX [41;31m[[41;97mERROR[41;31m][0m [1mCould not resolve "../auth/auth.service"[0m

    src/app/login/login.page.ts:4:28:
[37m      4 │ import { AuthService } from [32m'../auth/auth.service'[37m;
        ╵                             [32m~~~~~~~~~~~~~~~~~~~~~~[0m

[39m[22m
