
> backend@0.0.1 start
> nest start

[32m[Nest] 21324  - [39m09.05.2026, 14:18:04 [32m    LOG[39m [38;5;3m[NestFactory] [39m[32mStarting Nest application...[39m
[32m[Nest] 21324  - [39m09.05.2026, 14:18:04 [32m    LOG[39m [38;5;3m[InstanceLoader] [39m[32mPrismaModule dependencies initialized[39m[38;5;3m +8ms[39m
[32m[Nest] 21324  - [39m09.05.2026, 14:18:04 [32m    LOG[39m [38;5;3m[InstanceLoader] [39m[32mConfigHostModule dependencies initialized[39m[38;5;3m +1ms[39m
[32m[Nest] 21324  - [39m09.05.2026, 14:18:04 [32m    LOG[39m [38;5;3m[InstanceLoader] [39m[32mAppModule dependencies initialized[39m[38;5;3m +0ms[39m
[32m[Nest] 21324  - [39m09.05.2026, 14:18:04 [32m    LOG[39m [38;5;3m[InstanceLoader] [39m[32mConfigModule dependencies initialized[39m[38;5;3m +1ms[39m
[32m[Nest] 21324  - [39m09.05.2026, 14:18:04 [32m    LOG[39m [38;5;3m[InstanceLoader] [39m[32mContactsModule dependencies initialized[39m[38;5;3m +1ms[39m
[32m[Nest] 21324  - [39m09.05.2026, 14:18:04 [32m    LOG[39m [38;5;3m[InstanceLoader] [39m[32mAuthModule dependencies initialized[39m[38;5;3m +0ms[39m
[32m[Nest] 21324  - [39m09.05.2026, 14:18:04 [32m    LOG[39m [38;5;3m[RoutesResolver] [39m[32mAppController {/}:[39m[38;5;3m +15ms[39m
[32m[Nest] 21324  - [39m09.05.2026, 14:18:04 [32m    LOG[39m [38;5;3m[RouterExplorer] [39m[32mMapped {/, GET} route[39m[38;5;3m +3ms[39m
[32m[Nest] 21324  - [39m09.05.2026, 14:18:04 [32m    LOG[39m [38;5;3m[RoutesResolver] [39m[32mAuthController {/auth}:[39m[38;5;3m +0ms[39m
[32m[Nest] 21324  - [39m09.05.2026, 14:18:04 [32m    LOG[39m [38;5;3m[RouterExplorer] [39m[32mMapped {/auth/google, GET} route[39m[38;5;3m +1ms[39m
[32m[Nest] 21324  - [39m09.05.2026, 14:18:04 [32m    LOG[39m [38;5;3m[RouterExplorer] [39m[32mMapped {/auth/callback, GET} route[39m[38;5;3m +1ms[39m
[32m[Nest] 21324  - [39m09.05.2026, 14:18:04 [32m    LOG[39m [38;5;3m[RouterExplorer] [39m[32mMapped {/auth/me, GET} route[39m[38;5;3m +2ms[39m
[32m[Nest] 21324  - [39m09.05.2026, 14:18:04 [32m    LOG[39m [38;5;3m[RouterExplorer] [39m[32mMapped {/auth/logout, POST} route[39m[38;5;3m +1ms[39m
[32m[Nest] 21324  - [39m09.05.2026, 14:18:04 [32m    LOG[39m [38;5;3m[RoutesResolver] [39m[32mContactsController {/contacts}:[39m[38;5;3m +1ms[39m
[32m[Nest] 21324  - [39m09.05.2026, 14:18:04 [32m    LOG[39m [38;5;3m[RouterExplorer] [39m[32mMapped {/contacts, GET} route[39m[38;5;3m +0ms[39m
[32m[Nest] 21324  - [39m09.05.2026, 14:18:04 [32m    LOG[39m [38;5;3m[RouterExplorer] [39m[32mMapped {/contacts/trash, GET} route[39m[38;5;3m +1ms[39m
[32m[Nest] 21324  - [39m09.05.2026, 14:18:04 [32m    LOG[39m [38;5;3m[RouterExplorer] [39m[32mMapped {/contacts/trash/items, GET} route[39m[38;5;3m +1ms[39m
[32m[Nest] 21324  - [39m09.05.2026, 14:18:04 [32m    LOG[39m [38;5;3m[RouterExplorer] [39m[32mMapped {/contacts/:id, GET} route[39m[38;5;3m +0ms[39m
[32m[Nest] 21324  - [39m09.05.2026, 14:18:04 [32m    LOG[39m [38;5;3m[RouterExplorer] [39m[32mMapped {/contacts, POST} route[39m[38;5;3m +1ms[39m
[32m[Nest] 21324  - [39m09.05.2026, 14:18:04 [32m    LOG[39m [38;5;3m[RouterExplorer] [39m[32mMapped {/contacts/:id, PATCH} route[39m[38;5;3m +1ms[39m
[32m[Nest] 21324  - [39m09.05.2026, 14:18:04 [32m    LOG[39m [38;5;3m[RouterExplorer] [39m[32mMapped {/contacts/:id/restore, PATCH} route[39m[38;5;3m +1ms[39m
[32m[Nest] 21324  - [39m09.05.2026, 14:18:04 [32m    LOG[39m [38;5;3m[RouterExplorer] [39m[32mMapped {/contacts/:id, DELETE} route[39m[38;5;3m +0ms[39m
[32m[Nest] 21324  - [39m09.05.2026, 14:18:04 [32m    LOG[39m [38;5;3m[NestApplication] [39m[32mNest application successfully started[39m[38;5;3m +2ms[39m
